{"intv": [1, 2, 3, 4], "strv": ["abcd", "sf"], "floatv": [0.1, 0.2, 0.3], "intt": 10, "floatt": 0.001, "strr": "ddgf"}