{"Velmajstermaxisupergeneralveduci": "Korman", "Spion": "Hodobox", "Nadpodpredzadplukovnikazarovendokoncaajgeneral": "Misof", "Programator": "Vlejd", "General": "Matus", "Strateg": "Ralbo", "Podplukovnik": "Zaba", "Plukovnik": "Baska"}