{"Velmajstermaxisupergeneralveduci": "XXMI", "Spion": "T", "Nadpodpredzadplukovnikazarovendokoncaajgeneral": "MOC", "Programator": "XQUWCX", "General": "NZBIUMZ", "Strateg": "JTKGZMQ", "Podplukovnik": "RAWKAMZ", "Plukovnik": "DAPSX"}