{"Velmajstermaxisupergeneralveduci": "ZYWIKEVH", "Spion": "VJTRJCS", "Nadpodpredzadplukovnikazarovendokoncaajgeneral": "MBNJBJGPUZ", "Programator": "KA", "General": "PYJWYB", "Strateg": "POSDOBZ", "Podplukovnik": "P", "Plukovnik": "IZEVITT"}