{"Velmajstermaxisupergeneralveduci": "WDXDGAUH", "Spion": "YPSAAMV", "Nadpodpredzadplukovnikazarovendokoncaajgeneral": "GKGZRB", "Programator": "DOLYAC", "General": "SMPWCGJ", "Strateg": "X", "Podplukovnik": "ZI", "Plukovnik": "ZY"}