{"Velmajstermaxisupergeneralveduci": "WT", "Spion": "MHTNNX", "Nadpodpredzadplukovnikazarovendokoncaajgeneral": "ORKEBRBS", "Programator": "N", "General": "K", "Strateg": "FUWU", "Podplukovnik": "FGEPUNJ", "Plukovnik": "AA"}