{"Velmajstermaxisupergeneralveduci": "OUPZWHQQJB", "Spion": "OOUME", "Nadpodpredzadplukovnikazarovendokoncaajgeneral": "KGLAMC", "Programator": "DAJBZ", "General": "CBA", "Strateg": "OSNPQHGZC", "Podplukovnik": "OHLVIHZFS", "Plukovnik": "VDUH"}