{"lode": [1, 25, 47, 2, 29, 65, 20, 61, 17, 5, 34, 37, 59, 31, 12, 9, 32, 30, 57, 19, 63, 36, 38, 6, 53, 43, 54, 3, 22, 42, 58, 21, 28, 46, 27, 7, 8, 49, 44, 16, 39, 56, 11, 52, 48, 18, 14, 35, 13, 24, 64, 40, 15, 60, 51, 4, 55, 10, 50, 33, 41, 45, 62, 23, 26]}