{"lode": [1, 21, 24, 15, 63, 43, 13, 40, 65, 10, 66, 58, 34, 67, 50, 29, 42, 26, 17, 47, 9, 60, 68, 45, 19, 69, 62, 18, 4, 25, 12, 48, 6, 55, 71, 28, 8, 46, 37, 59, 2, 53, 49, 3, 51, 14, 16, 11, 27, 20, 33, 52, 31, 61, 56, 54, 30, 35, 72, 5, 38, 23, 64, 7, 39, 32, 57, 36, 70, 22, 41, 44]}