{"lode": [1, 21, 79, 75, 71, 26, 6, 8, 16, 35, 31, 3, 85, 73, 86, 23, 57, 48, 2, 84, 82, 59, 44, 45, 4, 25, 53, 24, 55, 90, 39, 78, 65, 7, 76, 56, 29, 88, 50, 93, 18, 46, 61, 52, 38, 20, 13, 72, 10, 41, 54, 77, 9, 66, 91, 32, 67, 80, 34, 89, 37, 62, 49, 69, 58, 81, 47, 87, 60, 27, 22, 92, 70, 14, 83, 30, 19, 5, 40, 74, 28, 33, 36, 63, 15, 43, 12, 17, 68, 42, 11, 64, 51]}