{"lode": [1, 72, 23, 35, 76, 7, 79, 18, 73, 85, 14, 84, 43, 70, 59, 13, 29, 4, 55, 25, 56, 65, 19, 45, 63, 88, 11, 78, 71, 58, 12, 21, 30, 39, 27, 41, 93, 6, 34, 91, 50, 17, 36, 68, 89, 42, 66, 8, 10, 38, 77, 53, 44, 86, 60, 16, 75, 67, 81, 52, 40, 49, 2, 3, 47, 64, 90, 87, 61, 28, 9, 54, 48, 80, 31, 62, 33, 22, 82, 15, 32, 51, 74, 26, 37, 24, 57, 5, 92, 46, 69, 20, 83]}