{"lode": [1, 25, 23, 22, 85, 35, 32, 93, 75, 11, 79, 76, 48, 78, 8, 41, 92, 37, 65, 2, 77, 95, 30, 96, 40, 31, 86, 38, 39, 34, 90, 67, 83, 53, 50, 10, 3, 49, 64, 12, 47, 17, 42, 24, 69, 36, 9, 52, 58, 61, 54, 16, 82, 14, 74, 7, 94, 68, 29, 21, 18, 87, 4, 91, 51, 45, 81, 19, 28, 57, 20, 6, 33, 62, 73, 46, 56, 43, 5, 70, 72, 71, 63, 59, 44, 84, 80, 27, 26, 60, 55, 89, 15, 88, 13, 66]}